// Jest Snapshot v1, https://goo.gl/fbAQLP

exports[`<Foo /> renders 1`] = `
<div>
  <h2>
    Foo
  </h2>
</div>
`;
